// Jest Snapshot v1, https://goo.gl/fbAQLP

exports[`fails 1`] = `
Object {
  "failureMessage": "  ● tsd typecheck

  Argument of type 'number' is not assignable to parameter of type 'string'.

  > 5 | expectType<string>(concat(1, 2));
      | ^

    at e2e/__fixtures__/js-failing/index.test.ts:5:1",
  "leaks": false,
  "numFailingTests": 1,
  "numPassingTests": 3,
  "numPendingTests": 0,
  "numTodoTests": 0,
  "openHandles": Array [],
  "perfStats": Object {
    "end": 1200,
    "runtime": 1200,
    "slow": false,
    "start": 0,
  },
  "skipped": false,
  "snapshot": Object {
    "added": 0,
    "fileDeleted": false,
    "matched": 0,
    "unchecked": 0,
    "uncheckedKeys": Array [],
    "unmatched": 0,
    "updated": 0,
  },
  "testFilePath": "/path/to/e2e/__fixtures__/js-failing/index.test.ts",
  "testResults": Array [
    Object {
      "ancestorTitles": Array [],
      "duration": 1200,
      "failureDetails": Array [],
      "failureMessages": Array [
        "  ● tsd typecheck

  Argument of type 'number' is not assignable to parameter of type 'string'.

  > 5 | expectType<string>(concat(1, 2));
      | ^

    at e2e/__fixtures__/js-failing/index.test.ts:5:1",
      ],
      "fullName": "/path/to/e2e/__fixtures__/js-failing/index.test.ts",
      "numPassingAsserts": 1,
      "status": "failed",
      "title": "tsd typecheck",
    },
  ],
}
`;
