// Jest Snapshot v1, https://goo.gl/fbAQLP

exports[`pass 1`] = `
Object {
  "failureMessage": null,
  "leaks": false,
  "numFailingTests": 0,
  "numPassingTests": 5,
  "numPendingTests": 0,
  "numTodoTests": 0,
  "openHandles": Array [],
  "perfStats": Object {
    "end": 1200,
    "runtime": 1200,
    "slow": false,
    "start": 0,
  },
  "skipped": false,
  "snapshot": Object {
    "added": 0,
    "fileDeleted": false,
    "matched": 0,
    "unchecked": 0,
    "uncheckedKeys": Array [],
    "unmatched": 0,
    "updated": 0,
  },
  "testFilePath": "/path/to/e2e/__fixtures__/js-passing/index.test.ts",
  "testResults": Array [
    Object {
      "ancestorTitles": Array [],
      "duration": 1200,
      "failureDetails": Array [],
      "failureMessages": Array [],
      "fullName": "/path/to/e2e/__fixtures__/js-passing/index.test.ts",
      "numPassingAsserts": 0,
      "status": "passed",
      "title": "tsd typecheck",
    },
  ],
}
`;
